C51 COMPILER V9.60.0.0   MAIN                                                              01/08/2023 21:08:58 PAGE 1   


C51 COMPILER V9.60.0.0, COMPILATION OF MODULE MAIN
OBJECT MODULE PLACED IN .\Objects\main.obj
COMPILER INVOKED BY: C:\Keil_v5\C51\BIN\C51.EXE main.c OPTIMIZE(8,SPEED) BROWSE DEBUG OBJECTEXTEND PRINT(.\Listings\main
                    -.lst) TABS(2) OBJECT(.\Objects\main.obj)

line level    source

   1          #include <regx52.h>
   2          #include <string.h>
   3          #include <rtx51tny.h>
   4          
   5          sbit LCD_RS = P2^0;
   6          sbit LCD_EN = P2^1;
   7          sbit LED_NAME1  = P1^0;
   8          sbit LED_NAME2 = P3^0;
   9          sbit LED_NAME3 = P3^1;
  10          
  11          #define LCD_DATA P0  // Khai báo chân dta
  12          
  13          void Delay_ms(unsigned int ms) //Hàm delay
  14          {
  15   1        while(ms--){
  16   2          TMOD = 0x01;
  17   2          TH0 = 0xfc;
  18   2          TL0 = 0x18;
  19   2          TR0 = 1;
  20   2          while(!TF0);
  21   2          TF0 = 0;
  22   2          TR0 = 0;
  23   2        }
  24   1      }
  25          
  26          void Lcd_cmd(unsigned char cmd)   //Hàm g?i l?nh ra LCD
  27          
  28          { 
  29   1      
  30   1        
  31   1         LCD_RS =0;// Ch?n ch? d? ghi l?nh
  32   1         LCD_DATA =cmd;// cmd là l?nh c?n g?i ra màn hình
  33   1         LCD_EN = 0;              
  34   1         LCD_EN =1;
  35   1         if(cmd<=0x02){
  36   2         Delay_ms(2);
  37   2         }
  38   1         else{
  39   2         Delay_ms(1);}
  40   1      
  41   1      }
  42          void Lcd_Char_Cp(char c)//Hàm hi?n th? 1 kí t? t?i v? trí con tr?
  43          {
  44   1         
  45   1         LCD_RS =1; //Ch?n ch? d? g?i d? li?u
  46   1         LCD_DATA =c;  //Kí t? c?n g?i ra màn hình
  47   1         LCD_EN = 0;
  48   1         LCD_EN =1;
  49   1         Delay_ms(1);
  50   1      
  51   1      }
  52          void Lcd_Out_Cp(char *str)// Hàm g?i chu?i kí t? t?i v? trí con tr?
  53          
  54          {
C51 COMPILER V9.60.0.0   MAIN                                                              01/08/2023 21:08:58 PAGE 2   

  55   1      
  56   1      unsigned char i=0;
  57   1      while(str[i]!=0)  //G?i t?ng kí t? c?a chu?i d?n khi g?p kí t? null
  58   1      {
  59   2         Lcd_Char_Cp(str[i]);
  60   2         //Delay_ms(50);
  61   2         i++;
  62   2      }
  63   1      
  64   1      }
  65          
  66          
  67          void Lcd_xy(unsigned char row, unsigned char col)   //Hàm Di chuy?n v? trí con tr? d?n v? trí b?t kì và in 
             -chu?i ra màn hình
  68          {
  69   1        unsigned char cmd;
  70   1      
  71   1        // Di chuy?n con tr? d?n v? trí c?n thi?t
  72   1        cmd = (row==1?0x80:0xC0) + col - 1;
  73   1        Lcd_cmd(cmd);
  74   1      
  75   1      }
  76          
  77          
  78          void Lcd_Init() //Hàm kh?i t?o LCD
  79          {
  80   1      
  81   1       Lcd_cmd(0x30);
  82   1       Delay_ms(5);
  83   1       Lcd_cmd(0x30);
  84   1       Delay_ms(1);
  85   1       Lcd_cmd(0x30);
  86   1       Lcd_cmd(0x38);   // S? dòng hi?n th? là 2, c? ch? 5x8
  87   1       Lcd_cmd(0x01);   // xóa màn hình
  88   1       Lcd_cmd(0x0C);   //B?t hi?n th? và t?t con tr? các b?n có th? dùng l?nh 0xE0 d? b?t hi?n th? và b?t con t
             -r?
  89   1      
  90   1      
  91   1      
  92   1      }
  93          
  94          void Led_Effect1(){
  95   1          char i;
  96   1          LED_NAME1 = 0; LED_NAME2 = 0; LED_NAME3 = 0;
  97   1          Delay_ms(100);
  98   1          LED_NAME1 = 1;
  99   1          Delay_ms(150);
 100   1          LED_NAME2 = 1; 
 101   1          Delay_ms(150);
 102   1          LED_NAME3 = 1;
 103   1          Delay_ms(150);
 104   1          LED_NAME1 = 0; LED_NAME2 = 0; //LED_NAME3 = 0;
 105   1          Delay_ms(100);
 106   1          LED_NAME3 = 1;
 107   1          Delay_ms(150);
 108   1          LED_NAME2 = 1; 
 109   1          Delay_ms(150);
 110   1          LED_NAME1 = 1;
 111   1          Delay_ms(300);
 112   1          LED_NAME1 = 0; LED_NAME2 = 0; LED_NAME3 = 0;
 113   1          for( i = 0; i<5; i++){
 114   2            LED_NAME1 = !LED_NAME1; 
C51 COMPILER V9.60.0.0   MAIN                                                              01/08/2023 21:08:58 PAGE 3   

 115   2            LED_NAME2 = !LED_NAME2; 
 116   2            LED_NAME3 = !LED_NAME3;
 117   2            Delay_ms(200);
 118   2          }
 119   1          LED_NAME1 = 0; LED_NAME2 = 0; LED_NAME3 = 0;
 120   1          Delay_ms(300);
 121   1      }
 122          
 123          void LCD_Shift_Left(char *str, int n){
 124   1          int i;
 125   1        for(i=0; i<n;i++){
 126   2          int j, firstchar;
 127   2          firstchar = str[0];   // the first character
 128   2          for (j = 0; j < strlen(str) - 1; j++){
 129   3            str[j] = str[j+1];
 130   3          }
 131   2          str[strlen(str)-1] = firstchar;
 132   2        }
 133   1      }
 134          void LCD_Shift_Right(char *str, int n){
 135   1          int i;
 136   1        for(i=0; i<n;i++){
 137   2          int j, lastchar;
 138   2          lastchar = str[strlen(str) - 1];   // the last character
 139   2          for (j = strlen(str)-1; j > 0; j--){
 140   3            str[j] = str[j-1];
 141   3          }
 142   2          str[0] = lastchar;
 143   2        }
 144   1      }
 145          void display() _task_ 1
 146            {
 147   1          unsigned char line1[] = "NGUYEN TRONG KHOI   ";
 148   1          unsigned char line2[] = "DIEM 10             ";
 149   1          Lcd_Init();
 150   1        
 151   1      //Lcd_Out(1,1,"DT030223 - DT3B - 2019-2024     ") ; 
 152   1      //Lcd_Out(2,1,"NGUYEN TRONG KHOI");
 153   1      while(1)
 154   1      {
 155   2        Lcd_cmd(0x01); //clear screen
 156   2        Lcd_xy(1,1);
 157   2        Lcd_Out_Cp(line1);
 158   2        Lcd_xy(2,1);
 159   2        Lcd_Out_Cp(line2);
 160   2        LCD_Shift_Right(line2,1);
 161   2        LCD_Shift_Left(line1,1);
 162   2        Delay_ms(150);
 163   2      }
 164   1      }
 165            
 166          void Led_Effect2(){
 167   1        LED_NAME1 = 1; 
 168   1        LED_NAME2 = 0; 
 169   1        LED_NAME3 = 0;
 170   1        Delay_ms(100);
 171   1        LED_NAME1 = 0; 
 172   1        LED_NAME2 = 1; 
 173   1        LED_NAME3 = 0;
 174   1        Delay_ms(100);
 175   1        LED_NAME1 = 0; 
 176   1        LED_NAME2 = 0; 
C51 COMPILER V9.60.0.0   MAIN                                                              01/08/2023 21:08:58 PAGE 4   

 177   1        LED_NAME3 = 1;
 178   1        Delay_ms(100);
 179   1        
 180   1        
 181   1      }
 182          
 183          void Led_effect() _task_ 2
 184          {
 185   1        while(1){
 186   2        Led_Effect2();
 187   2        }
 188   1      
 189   1      }
 190          
 191          void setup_task() _task_ 0
 192          {
 193   1          os_create_task(1);
 194   1          os_create_task(2);
 195   1          os_delete_task(0);
 196   1      }


MODULE INFORMATION:   STATIC OVERLAYABLE
   CODE SIZE        =    787    ----
   CONSTANT SIZE    =     42    ----
   XDATA SIZE       =   ----    ----
   PDATA SIZE       =   ----    ----
   DATA SIZE        =   ----      67
   IDATA SIZE       =   ----    ----
   BIT SIZE         =   ----    ----
END OF MODULE INFORMATION.


C51 COMPILATION COMPLETE.  0 WARNING(S),  0 ERROR(S)
